###############################################################################
#
# IAR ELF Linker V8.32.1.169/W32 for ARM                  25/Apr/2021  00:21:43
# Copyright 2007-2018 IAR Systems AB.
#
#    Output file  =  
#        C:\Users\lenovo\Documents\MATLAB\STM32\noisegen\LCD_MENU_TEST\EWARM\LCD_MENU_TEST\Exe\LCD_MENU_TEST.out
#    Map file     =  
#        C:\Users\lenovo\Documents\MATLAB\STM32\noisegen\LCD_MENU_TEST\EWARM\LCD_MENU_TEST\List\LCD_MENU_TEST.map
#    Command line =  
#        -f C:\Users\lenovo\AppData\Local\Temp\EWDA7F.tmp
#        (C:\Users\lenovo\Documents\MATLAB\STM32\noisegen\LCD_MENU_TEST\EWARM\LCD_MENU_TEST\Obj\lcd.o
#        C:\Users\lenovo\Documents\MATLAB\STM32\noisegen\LCD_MENU_TEST\EWARM\LCD_MENU_TEST\Obj\main.o
#        C:\Users\lenovo\Documents\MATLAB\STM32\noisegen\LCD_MENU_TEST\EWARM\LCD_MENU_TEST\Obj\startup_stm32f103xe.o
#        C:\Users\lenovo\Documents\MATLAB\STM32\noisegen\LCD_MENU_TEST\EWARM\LCD_MENU_TEST\Obj\stm32f1xx_hal.o
#        C:\Users\lenovo\Documents\MATLAB\STM32\noisegen\LCD_MENU_TEST\EWARM\LCD_MENU_TEST\Obj\stm32f1xx_hal_cortex.o
#        C:\Users\lenovo\Documents\MATLAB\STM32\noisegen\LCD_MENU_TEST\EWARM\LCD_MENU_TEST\Obj\stm32f1xx_hal_dma.o
#        C:\Users\lenovo\Documents\MATLAB\STM32\noisegen\LCD_MENU_TEST\EWARM\LCD_MENU_TEST\Obj\stm32f1xx_hal_exti.o
#        C:\Users\lenovo\Documents\MATLAB\STM32\noisegen\LCD_MENU_TEST\EWARM\LCD_MENU_TEST\Obj\stm32f1xx_hal_flash.o
#        C:\Users\lenovo\Documents\MATLAB\STM32\noisegen\LCD_MENU_TEST\EWARM\LCD_MENU_TEST\Obj\stm32f1xx_hal_flash_ex.o
#        C:\Users\lenovo\Documents\MATLAB\STM32\noisegen\LCD_MENU_TEST\EWARM\LCD_MENU_TEST\Obj\stm32f1xx_hal_gpio.o
#        C:\Users\lenovo\Documents\MATLAB\STM32\noisegen\LCD_MENU_TEST\EWARM\LCD_MENU_TEST\Obj\stm32f1xx_hal_gpio_ex.o
#        C:\Users\lenovo\Documents\MATLAB\STM32\noisegen\LCD_MENU_TEST\EWARM\LCD_MENU_TEST\Obj\stm32f1xx_hal_msp.o
#        C:\Users\lenovo\Documents\MATLAB\STM32\noisegen\LCD_MENU_TEST\EWARM\LCD_MENU_TEST\Obj\stm32f1xx_hal_pwr.o
#        C:\Users\lenovo\Documents\MATLAB\STM32\noisegen\LCD_MENU_TEST\EWARM\LCD_MENU_TEST\Obj\stm32f1xx_hal_rcc.o
#        C:\Users\lenovo\Documents\MATLAB\STM32\noisegen\LCD_MENU_TEST\EWARM\LCD_MENU_TEST\Obj\stm32f1xx_hal_rcc_ex.o
#        C:\Users\lenovo\Documents\MATLAB\STM32\noisegen\LCD_MENU_TEST\EWARM\LCD_MENU_TEST\Obj\stm32f1xx_hal_tim.o
#        C:\Users\lenovo\Documents\MATLAB\STM32\noisegen\LCD_MENU_TEST\EWARM\LCD_MENU_TEST\Obj\stm32f1xx_hal_tim_ex.o
#        C:\Users\lenovo\Documents\MATLAB\STM32\noisegen\LCD_MENU_TEST\EWARM\LCD_MENU_TEST\Obj\stm32f1xx_it.o
#        C:\Users\lenovo\Documents\MATLAB\STM32\noisegen\LCD_MENU_TEST\EWARM\LCD_MENU_TEST\Obj\system_stm32f1xx.o
#        --no_out_extension -o
#        C:\Users\lenovo\Documents\MATLAB\STM32\noisegen\LCD_MENU_TEST\EWARM\LCD_MENU_TEST\Exe\LCD_MENU_TEST.out
#        --redirect _Printf=_PrintfFullNoMb --redirect _Scanf=_ScanfFullNoMb
#        --map
#        C:\Users\lenovo\Documents\MATLAB\STM32\noisegen\LCD_MENU_TEST\EWARM\LCD_MENU_TEST\List\LCD_MENU_TEST.map
#        --config
#        C:\Users\lenovo\Documents\MATLAB\STM32\noisegen\LCD_MENU_TEST\EWARM/stm32f103xe_flash.icf
#        --semihosting --entry __iar_program_start --vfe --text_out locale)
#
###############################################################################

*******************************************************************************
*** RUNTIME MODEL ATTRIBUTES
***

CppFlavor       = *
__SystemLibrary = DLib
__dlib_version  = 6


*******************************************************************************
*** HEAP SELECTION
***

The basic heap was selected because no calls to memory allocation
functions were found in the application outside of system library
functions, and there are calls to deallocation functions in the
application.


*******************************************************************************
*** PLACEMENT SUMMARY
***

"A0":  place at 0x800'0000 { ro section .intvec };
"P1":  place in [from 0x800'0000 to 0x807'ffff] { ro };
define block CSTACK with size = 1K, alignment = 8 { };
define block HEAP with size = 512, alignment = 8 { };
"P2":  place in [from 0x2000'0000 to 0x2000'ffff] {
          rw, block CSTACK, block HEAP };
initialize by copy { rw };

  Section            Kind         Address   Size  Object
  -------            ----         -------   ----  ------
"A0":                                      0x130
  .intvec            ro code   0x800'0000  0x130  startup_stm32f103xe.o [1]
                             - 0x800'0130  0x130

"P1":                                      0xf9c
  .text              ro code   0x800'0130  0x4a2  stm32f1xx_hal_rcc.o [1]
  .text              ro code   0x800'05d4    0xc  stm32f1xx_hal.o [1]
  .text              ro code   0x800'05e0   0x40  stm32f1xx_hal.o [1]
  .text              ro code   0x800'0620   0xac  stm32f1xx_hal_cortex.o [1]
  .text              ro code   0x800'06cc  0x2e4  main.o [1]
  .text              ro code   0x800'09b0  0x262  lcd.o [1]
  .text              ro code   0x800'0c14   0x24  stm32f1xx_hal.o [1]
  .text              ro code   0x800'0c38    0x6  ABImemclr4.o [3]
  .text              ro code   0x800'0c40  0x1e4  stm32f1xx_hal_gpio.o [1]
  .text              ro code   0x800'0e24   0x28  stm32f1xx_hal.o [1]
  .text              ro code   0x800'0e4c   0x44  stm32f1xx_hal_msp.o [1]
  .text              ro code   0x800'0e90   0x32  ABImemset48.o [3]
  .text              ro code   0x800'0ec2   0x2c  copy_init3.o [3]
  .text              ro code   0x800'0ef0   0x28  data_init.o [3]
  .iar.init_table    const     0x800'0f18   0x14  - Linker created -
  .text              ro code   0x800'0f2c   0x1e  cmain.o [3]
  .text              ro code   0x800'0f4a    0x4  low_level_init.o [2]
  .text              ro code   0x800'0f4e    0x4  exit.o [2]
  .text              ro code   0x800'0f54    0xa  cexit.o [3]
  .text              ro code   0x800'0f60   0x14  exit.o [4]
  .text              ro code   0x800'0f74   0x14  stm32f1xx_it.o [1]
  .text              ro code   0x800'0f88   0x10  stm32f1xx_hal.o [1]
  .text              ro code   0x800'0f98   0x14  system_stm32f1xx.o [1]
  Initializer bytes  const     0x800'0fac   0x14  <for P2-1>
  .text              ro code   0x800'0fc0   0x10  startup_stm32f103xe.o [1]
  .text              ro code   0x800'0fd0    0xc  cstartup_M.o [3]
  .text              ro code   0x800'0fdc    0x4  startup_stm32f103xe.o [1]
  .text              ro code   0x800'0fe0    0x4  startup_stm32f103xe.o [1]
  .text              ro code   0x800'0fe4    0x4  startup_stm32f103xe.o [1]
  .text              ro code   0x800'0fe8    0x4  startup_stm32f103xe.o [1]
  .text              ro code   0x800'0fec    0x4  startup_stm32f103xe.o [1]
  .text              ro code   0x800'0ff0    0x4  startup_stm32f103xe.o [1]
  .text              ro code   0x800'0ff4    0x4  startup_stm32f103xe.o [1]
  .text              ro code   0x800'0ff8    0x4  startup_stm32f103xe.o [1]
  .text              ro code   0x800'0ffc    0x4  startup_stm32f103xe.o [1]
  .text              ro code   0x800'1000    0x4  startup_stm32f103xe.o [1]
  .text              ro code   0x800'1004    0x4  startup_stm32f103xe.o [1]
  .text              ro code   0x800'1008    0x4  startup_stm32f103xe.o [1]
  .text              ro code   0x800'100c    0x4  startup_stm32f103xe.o [1]
  .text              ro code   0x800'1010    0x4  startup_stm32f103xe.o [1]
  .text              ro code   0x800'1014    0x4  startup_stm32f103xe.o [1]
  .text              ro code   0x800'1018    0x4  startup_stm32f103xe.o [1]
  .text              ro code   0x800'101c    0x4  startup_stm32f103xe.o [1]
  .text              ro code   0x800'1020    0x4  startup_stm32f103xe.o [1]
  .text              ro code   0x800'1024    0x4  startup_stm32f103xe.o [1]
  .text              ro code   0x800'1028    0x4  startup_stm32f103xe.o [1]
  .text              ro code   0x800'102c    0x4  startup_stm32f103xe.o [1]
  .text              ro code   0x800'1030    0x4  startup_stm32f103xe.o [1]
  .text              ro code   0x800'1034    0x4  startup_stm32f103xe.o [1]
  .text              ro code   0x800'1038    0x4  startup_stm32f103xe.o [1]
  .text              ro code   0x800'103c    0x4  startup_stm32f103xe.o [1]
  .text              ro code   0x800'1040    0x4  startup_stm32f103xe.o [1]
  .text              ro code   0x800'1044    0x4  startup_stm32f103xe.o [1]
  .text              ro code   0x800'1048    0x4  startup_stm32f103xe.o [1]
  .text              ro code   0x800'104c    0x4  startup_stm32f103xe.o [1]
  .text              ro code   0x800'1050    0x4  startup_stm32f103xe.o [1]
  .text              ro code   0x800'1054    0x4  startup_stm32f103xe.o [1]
  .text              ro code   0x800'1058    0x4  startup_stm32f103xe.o [1]
  .text              ro code   0x800'105c    0x4  startup_stm32f103xe.o [1]
  .text              ro code   0x800'1060    0x4  startup_stm32f103xe.o [1]
  .text              ro code   0x800'1064    0x4  startup_stm32f103xe.o [1]
  .text              ro code   0x800'1068    0x4  startup_stm32f103xe.o [1]
  .text              ro code   0x800'106c    0x4  startup_stm32f103xe.o [1]
  .text              ro code   0x800'1070    0x4  startup_stm32f103xe.o [1]
  .text              ro code   0x800'1074    0x4  startup_stm32f103xe.o [1]
  .text              ro code   0x800'1078    0x4  startup_stm32f103xe.o [1]
  .text              ro code   0x800'107c    0x4  startup_stm32f103xe.o [1]
  .text              ro code   0x800'1080    0x4  startup_stm32f103xe.o [1]
  .text              ro code   0x800'1084    0x4  startup_stm32f103xe.o [1]
  .text              ro code   0x800'1088    0x4  startup_stm32f103xe.o [1]
  .text              ro code   0x800'108c    0x4  startup_stm32f103xe.o [1]
  .text              ro code   0x800'1090    0x4  startup_stm32f103xe.o [1]
  .text              ro code   0x800'1094    0x4  startup_stm32f103xe.o [1]
  .text              ro code   0x800'1098    0x4  startup_stm32f103xe.o [1]
  .text              ro code   0x800'109c    0x4  startup_stm32f103xe.o [1]
  .text              ro code   0x800'10a0    0x4  startup_stm32f103xe.o [1]
  .text              ro code   0x800'10a4    0x4  startup_stm32f103xe.o [1]
  .text              ro code   0x800'10a8    0x4  startup_stm32f103xe.o [1]
  .text              ro code   0x800'10ac    0x4  startup_stm32f103xe.o [1]
  .text              ro code   0x800'10b0    0x4  startup_stm32f103xe.o [1]
  .text              ro code   0x800'10b4    0x4  startup_stm32f103xe.o [1]
  .text              ro code   0x800'10b8    0x4  startup_stm32f103xe.o [1]
  .text              ro code   0x800'10bc    0x4  startup_stm32f103xe.o [1]
  .text              ro code   0x800'10c0    0x4  startup_stm32f103xe.o [1]
  .text              ro code   0x800'10c4    0x4  startup_stm32f103xe.o [1]
  .text              ro code   0x800'10c8    0x4  startup_stm32f103xe.o [1]
  .rodata            const     0x800'10cc    0x0  copy_init3.o [3]
                             - 0x800'10cc  0xf9c

"P2", part 1 of 2:                          0x14
  P2-1                        0x2000'0000   0x14  <Init block>
    .data            inited   0x2000'0000    0x4  main.o [1]
    .data            inited   0x2000'0004    0xc  stm32f1xx_hal.o [1]
    .data            inited   0x2000'0010    0x4  system_stm32f1xx.o [1]
                            - 0x2000'0014   0x14

"P2", part 2 of 2:                         0x400
  CSTACK                      0x2000'0018  0x400  <Block>
    CSTACK           uninit   0x2000'0018  0x400  <Block tail>
                            - 0x2000'0418  0x400

Unused ranges:

         From           To      Size
         ----           --      ----
   0x800'10cc   0x807'ffff  0x7'ef34
  0x2000'0014  0x2000'0017       0x4
  0x2000'0418  0x2000'ffff    0xfbe8


*******************************************************************************
*** INIT TABLE
***

          Address      Size
          -------      ----
Copy (__iar_copy_init3)
    1 source range, total size 0x14:
           0x800'0fac  0x14
    1 destination range, total size 0x14:
          0x2000'0000  0x14



*******************************************************************************
*** MODULE SUMMARY
***

    Module                  ro code  ro data  rw data
    ------                  -------  -------  -------
command line/config:
    -------------------------------------------------
    Total:

C:\Users\lenovo\Documents\MATLAB\STM32\noisegen\LCD_MENU_TEST\EWARM\LCD_MENU_TEST\Obj: [1]
    lcd.o                       610
    main.o                      740        4        4
    startup_stm32f103xe.o       560
    stm32f1xx_hal.o             168       12       12
    stm32f1xx_hal_cortex.o      172
    stm32f1xx_hal_gpio.o        484
    stm32f1xx_hal_msp.o          68
    stm32f1xx_hal_rcc.o       1 186
    stm32f1xx_it.o               20
    system_stm32f1xx.o           20        4        4
    -------------------------------------------------
    Total:                    4 028       20       20

dl7M_tln.a: [2]
    exit.o                        4
    low_level_init.o              4
    -------------------------------------------------
    Total:                        8

rt7M_tl.a: [3]
    ABImemclr4.o                  6
    ABImemset48.o                50
    cexit.o                      10
    cmain.o                      30
    copy_init3.o                 44
    cstartup_M.o                 12
    data_init.o                  40
    -------------------------------------------------
    Total:                      192

shb_l.a: [4]
    exit.o                       20
    -------------------------------------------------
    Total:                       20

    Gaps                         12
    Linker created                        20    1 024
-----------------------------------------------------
    Grand Total:              4 260       40    1 044


*******************************************************************************
*** ENTRY LIST
***

Entry                       Address   Size  Type      Object
-----                       -------   ----  ----      ------
.iar.init_table$$Base    0x800'0f18          --   Gb  - Linker created -
.iar.init_table$$Limit   0x800'0f2c          --   Gb  - Linker created -
?main                    0x800'0f2d         Code  Gb  cmain.o [3]
AHBPrescTable            0x800'0f9c   0x10  Data  Gb  system_stm32f1xx.o [1]
BusFault_Handler         0x800'0f7b    0x2  Code  Gb  stm32f1xx_it.o [1]
CSTACK$$Base            0x2000'0018          --   Gb  - Linker created -
CSTACK$$Limit           0x2000'0418          --   Gb  - Linker created -
DebugMon_Handler         0x800'0f81    0x2  Code  Gb  stm32f1xx_it.o [1]
Error_Handler            0x800'0901    0x4  Code  Gb  main.o [1]
HAL_Delay                0x800'0e25   0x28  Code  Wk  stm32f1xx_hal.o [1]
HAL_GPIO_Init            0x800'0c41  0x194  Code  Gb  stm32f1xx_hal_gpio.o [1]
HAL_GPIO_ReadPin         0x800'0dd5    0xc  Code  Gb  stm32f1xx_hal_gpio.o [1]
HAL_GPIO_WritePin        0x800'0de1    0x8  Code  Gb  stm32f1xx_hal_gpio.o [1]
HAL_GetTick              0x800'05d5    0xc  Code  Wk  stm32f1xx_hal.o [1]
HAL_IncTick              0x800'0f89   0x10  Code  Wk  stm32f1xx_hal.o [1]
HAL_Init                 0x800'0c15   0x20  Code  Gb  stm32f1xx_hal.o [1]
HAL_InitTick             0x800'05e1   0x40  Code  Wk  stm32f1xx_hal.o [1]
HAL_MspInit              0x800'0e4d   0x44  Code  Gb  stm32f1xx_hal_msp.o [1]
HAL_NVIC_SetPriority     0x800'0655   0x3a  Code  Gb  stm32f1xx_hal_cortex.o [1]
HAL_NVIC_SetPriorityGrouping
                         0x800'063b   0x1a  Code  Gb  stm32f1xx_hal_cortex.o [1]
HAL_RCC_ClockConfig      0x800'0451   0xf4  Code  Gb  stm32f1xx_hal_rcc.o [1]
HAL_RCC_GetSysClockFreq
                         0x800'0559   0x3a  Code  Gb  stm32f1xx_hal_rcc.o [1]
HAL_RCC_GetSysClockFreq::aPLLMULFactorTable
                         0x800'05c0   0x10  Data  Lc  stm32f1xx_hal_rcc.o [1]
HAL_RCC_GetSysClockFreq::aPredivFactorTable
                         0x800'05d0    0x2  Data  Lc  stm32f1xx_hal_rcc.o [1]
HAL_RCC_OscConfig        0x800'0131  0x318  Code  Gb  stm32f1xx_hal_rcc.o [1]
HAL_SYSTICK_Config       0x800'068f   0x28  Code  Gb  stm32f1xx_hal_cortex.o [1]
HardFault_Handler        0x800'0f77    0x2  Code  Gb  stm32f1xx_it.o [1]
MemManage_Handler        0x800'0f79    0x2  Code  Gb  stm32f1xx_it.o [1]
NMI_Handler              0x800'0f75    0x2  Code  Gb  stm32f1xx_it.o [1]
PendSV_Handler           0x800'0f83    0x2  Code  Gb  stm32f1xx_it.o [1]
Region$$Table$$Base      0x800'0f18          --   Gb  - Linker created -
Region$$Table$$Limit     0x800'0f2c          --   Gb  - Linker created -
SVC_Handler              0x800'0f7f    0x2  Code  Gb  stm32f1xx_it.o [1]
SysTick_Handler          0x800'0f85    0x4  Code  Gb  stm32f1xx_it.o [1]
SystemClock_Config       0x800'0873   0x4e  Code  Gb  main.o [1]
SystemCoreClock         0x2000'0010    0x4  Data  Gb  system_stm32f1xx.o [1]
SystemInit               0x800'0f99    0x2  Code  Gb  system_stm32f1xx.o [1]
UsageFault_Handler       0x800'0f7d    0x2  Code  Gb  stm32f1xx_it.o [1]
__NVIC_SetPriority       0x800'0621   0x1a  Code  Lc  stm32f1xx_hal_cortex.o [1]
__aeabi_memclr4          0x800'0c39         Code  Gb  ABImemclr4.o [3]
__cmain                  0x800'0f2d         Code  Gb  cmain.o [3]
__exit                   0x800'0f61   0x14  Code  Gb  exit.o [4]
__iar_Memset4_word       0x800'0e91         Code  Gb  ABImemset48.o [3]
__iar_Memset8_word       0x800'0e91         Code  Gb  ABImemset48.o [3]
__iar_copy_init3         0x800'0ec3   0x2c  Code  Gb  copy_init3.o [3]
__iar_data_init3         0x800'0ef1   0x28  Code  Gb  data_init.o [3]
__iar_program_start      0x800'0fd1         Code  Gb  cstartup_M.o [3]
__low_level_init         0x800'0f4b    0x4  Code  Gb  low_level_init.o [2]
__vector_table           0x800'0000         Data  Gb  startup_stm32f103xe.o [1]
_call_main               0x800'0f39         Code  Gb  cmain.o [3]
_exit                    0x800'0f55         Code  Gb  cexit.o [3]
_main                    0x800'0f47         Code  Gb  cmain.o [3]
action1                  0x800'08c1    0xc  Code  Gb  main.o [1]
action2                  0x800'08cd    0xa  Code  Gb  main.o [1]
action3                  0x800'08e9    0xc  Code  Gb  main.o [1]
action4                  0x800'08f5    0xc  Code  Gb  main.o [1]
executeAction            0x800'0749   0x1c  Code  Gb  main.o [1]
exit                     0x800'0f4f    0x4  Code  Gb  exit.o [2]
lcd_clear                0x800'0bff   0x14  Code  Gb  lcd.o [1]
lcd_gotoxy               0x800'0bc9   0x36  Code  Gb  lcd.o [1]
lcd_init                 0x800'0b87   0x1a  Code  Gb  lcd.o [1]
lcd_putchar              0x800'0a7f   0xd4  Code  Gb  lcd.o [1]
lcd_puts                 0x800'0ba1   0x18  Code  Gb  lcd.o [1]
main                     0x800'0765   0xf4  Code  Gb  main.o [1]
menu                    0x2000'0000    0x4  Data  Gb  main.o [1]
send_command             0x800'09b1   0xce  Code  Gb  lcd.o [1]
update_menu              0x800'06cd   0x74  Code  Gb  main.o [1]
uwTick                  0x2000'0008    0x4  Data  Gb  stm32f1xx_hal.o [1]
uwTickFreq              0x2000'0004    0x1  Data  Gb  stm32f1xx_hal.o [1]
uwTickPrio              0x2000'000c    0x4  Data  Gb  stm32f1xx_hal.o [1]


[1] = C:\Users\lenovo\Documents\MATLAB\STM32\noisegen\LCD_MENU_TEST\EWARM\LCD_MENU_TEST\Obj
[2] = dl7M_tln.a
[3] = rt7M_tl.a
[4] = shb_l.a

  4 260 bytes of readonly  code memory
     40 bytes of readonly  data memory
  1 044 bytes of readwrite data memory

Errors: none
Warnings: none
